2024-08-17T11:44:27.448+02:00  INFO 16876 --- [main] c.e.g.GestionCurriculums0Application     : Starting GestionCurriculums0Application using Java 22.0.2 with PID 16876 (C:\Users\Jesus\IdeaProjects\gestion_curriculums0\target\classes started by Jesus in C:\Users\Jesus\IdeaProjects\gestion_curriculums0)
2024-08-17T11:44:27.480+02:00 DEBUG 16876 --- [main] c.e.g.GestionCurriculums0Application     : Running with Spring Boot v3.3.1, Spring v6.1.10
2024-08-17T11:44:27.483+02:00  INFO 16876 --- [main] c.e.g.GestionCurriculums0Application     : The following 1 profile is active: "dev"
2024-08-17T11:44:29.383+02:00  INFO 16876 --- [main] .s.d.r.c.RepositoryConfigurationDelegate : Bootstrapping Spring Data JPA repositories in DEFAULT mode.
2024-08-17T11:44:29.538+02:00  INFO 16876 --- [main] .s.d.r.c.RepositoryConfigurationDelegate : Finished Spring Data repository scanning in 139 ms. Found 3 JPA repository interfaces.
2024-08-17T11:44:31.658+02:00  INFO 16876 --- [main] o.s.b.w.embedded.tomcat.TomcatWebServer  : Tomcat initialized with port 8080 (http)
2024-08-17T11:44:31.687+02:00  INFO 16876 --- [main] o.apache.catalina.core.StandardService   : Starting service [Tomcat]
2024-08-17T11:44:31.688+02:00  INFO 16876 --- [main] o.apache.catalina.core.StandardEngine    : Starting Servlet engine: [Apache Tomcat/10.1.25]
2024-08-17T11:44:31.876+02:00  INFO 16876 --- [main] o.a.c.c.C.[Tomcat].[localhost].[/]       : Initializing Spring embedded WebApplicationContext
2024-08-17T11:44:31.878+02:00  INFO 16876 --- [main] w.s.c.ServletWebServerApplicationContext : Root WebApplicationContext: initialization completed in 4076 ms
2024-08-17T11:44:32.361+02:00  INFO 16876 --- [main] o.hibernate.jpa.internal.util.LogHelper  : HHH000204: Processing PersistenceUnitInfo [name: default]
2024-08-17T11:44:32.687+02:00  INFO 16876 --- [main] org.hibernate.Version                    : HHH000412: Hibernate ORM core version 6.5.2.Final
2024-08-17T11:44:32.798+02:00  INFO 16876 --- [main] o.h.c.internal.RegionFactoryInitiator    : HHH000026: Second-level cache disabled
2024-08-17T11:44:33.456+02:00  INFO 16876 --- [main] o.s.o.j.p.SpringPersistenceUnitInfo      : No LoadTimeWeaver setup: ignoring JPA class transformer
2024-08-17T11:44:33.504+02:00  INFO 16876 --- [main] com.zaxxer.hikari.HikariDataSource       : HikariPool-1 - Starting...
2024-08-17T11:44:34.244+02:00  INFO 16876 --- [main] com.zaxxer.hikari.pool.HikariPool        : HikariPool-1 - Added connection com.mysql.cj.jdbc.ConnectionImpl@2e85e3f1
2024-08-17T11:44:34.250+02:00  INFO 16876 --- [main] com.zaxxer.hikari.HikariDataSource       : HikariPool-1 - Start completed.
2024-08-17T11:44:34.373+02:00  WARN 16876 --- [main] org.hibernate.orm.deprecation            : HHH90000025: MySQLDialect does not need to be specified explicitly using 'hibernate.dialect' (remove the property setting and it will be selected by default)
2024-08-17T11:44:35.935+02:00  INFO 16876 --- [main] o.h.e.t.j.p.i.JtaPlatformInitiator       : HHH000489: No JTA platform available (set 'hibernate.transaction.jta.platform' to enable JTA platform integration)
2024-08-17T11:44:36.044+02:00  INFO 16876 --- [main] j.LocalContainerEntityManagerFactoryBean : Initialized JPA EntityManagerFactory for persistence unit 'default'
2024-08-17T11:44:36.577+02:00 DEBUG 16876 --- [main] c.e.g.security.JwtAuthenticationFilter   : Filter 'jwtAuthenticationFilter' configured for use
2024-08-17T11:44:36.671+02:00  INFO 16876 --- [main] r$InitializeUserDetailsManagerConfigurer : Global AuthenticationManager configured with UserDetailsService bean with name customUserDetailsService
2024-08-17T11:44:37.268+02:00 DEBUG 16876 --- [main] s.w.s.m.m.a.RequestMappingHandlerMapping : 31 mappings in 'requestMappingHandlerMapping'
2024-08-17T11:44:38.179+02:00 DEBUG 16876 --- [main] o.s.w.s.handler.SimpleUrlHandlerMapping  : Patterns [/webjars/**, /frontend/**] in 'resourceHandlerMapping'
2024-08-17T11:44:38.273+02:00 DEBUG 16876 --- [main] o.s.s.web.DefaultSecurityFilterChain     : Will secure any request with filters: DisableEncodeUrlFilter, WebAsyncManagerIntegrationFilter, SecurityContextHolderFilter, HeaderWriterFilter, CorsFilter, LogoutFilter, JwtAuthenticationFilter, RequestCacheAwareFilter, SecurityContextHolderAwareRequestFilter, AnonymousAuthenticationFilter, SessionManagementFilter, ExceptionTranslationFilter, AuthorizationFilter
2024-08-17T11:44:38.461+02:00 DEBUG 16876 --- [main] s.w.s.m.m.a.RequestMappingHandlerAdapter : ControllerAdvice beans: 0 @ModelAttribute, 0 @InitBinder, 1 RequestBodyAdvice, 1 ResponseBodyAdvice
2024-08-17T11:44:38.523+02:00 DEBUG 16876 --- [main] .m.m.a.ExceptionHandlerExceptionResolver : ControllerAdvice beans: 1 @ExceptionHandler, 1 ResponseBodyAdvice
2024-08-17T11:44:38.847+02:00  INFO 16876 --- [main] o.s.b.w.embedded.tomcat.TomcatWebServer  : Tomcat started on port 8080 (http) with context path '/'
2024-08-17T11:44:38.893+02:00  INFO 16876 --- [main] c.e.g.GestionCurriculums0Application     : Started GestionCurriculums0Application in 12.777 seconds (process running for 22.472)
2024-08-17T11:59:39.422+02:00  INFO 16876 --- [http-nio-8080-exec-2] o.a.c.c.C.[Tomcat].[localhost].[/]       : Initializing Spring DispatcherServlet 'dispatcherServlet'
2024-08-17T11:59:39.422+02:00  INFO 16876 --- [http-nio-8080-exec-2] o.s.web.servlet.DispatcherServlet        : Initializing Servlet 'dispatcherServlet'
2024-08-17T11:59:39.422+02:00 DEBUG 16876 --- [http-nio-8080-exec-2] o.s.web.servlet.DispatcherServlet        : Detected StandardServletMultipartResolver
2024-08-17T11:59:39.422+02:00 DEBUG 16876 --- [http-nio-8080-exec-2] o.s.web.servlet.DispatcherServlet        : Detected AcceptHeaderLocaleResolver
2024-08-17T11:59:39.422+02:00 DEBUG 16876 --- [http-nio-8080-exec-2] o.s.web.servlet.DispatcherServlet        : Detected FixedThemeResolver
2024-08-17T11:59:39.422+02:00 DEBUG 16876 --- [http-nio-8080-exec-2] o.s.web.servlet.DispatcherServlet        : Detected org.springframework.web.servlet.view.DefaultRequestToViewNameTranslator@179cdf4f
2024-08-17T11:59:39.438+02:00 DEBUG 16876 --- [http-nio-8080-exec-2] o.s.web.servlet.DispatcherServlet        : Detected org.springframework.web.servlet.support.SessionFlashMapManager@1e3c4c12
2024-08-17T11:59:39.438+02:00 DEBUG 16876 --- [http-nio-8080-exec-2] o.s.web.servlet.DispatcherServlet        : enableLoggingRequestDetails='false': request parameters and headers will be masked to prevent unsafe logging of potentially sensitive data
2024-08-17T11:59:39.438+02:00  INFO 16876 --- [http-nio-8080-exec-2] o.s.web.servlet.DispatcherServlet        : Completed initialization in 16 ms
2024-08-17T11:59:39.470+02:00 DEBUG 16876 --- [http-nio-8080-exec-2] o.s.security.web.FilterChainProxy        : Securing OPTIONS /auth/register
2024-08-17T11:59:39.502+02:00 DEBUG 16876 --- [http-nio-8080-exec-3] o.s.security.web.FilterChainProxy        : Securing POST /auth/register
2024-08-17T11:59:39.516+02:00 DEBUG 16876 --- [http-nio-8080-exec-3] o.s.s.w.a.AnonymousAuthenticationFilter  : Set SecurityContextHolder to anonymous SecurityContext
2024-08-17T11:59:39.516+02:00 DEBUG 16876 --- [http-nio-8080-exec-3] o.s.security.web.FilterChainProxy        : Secured POST /auth/register
2024-08-17T11:59:39.516+02:00 DEBUG 16876 --- [http-nio-8080-exec-3] o.s.web.servlet.DispatcherServlet        : POST "/auth/register", parameters={}
2024-08-17T11:59:39.516+02:00 DEBUG 16876 --- [http-nio-8080-exec-3] s.w.s.m.m.a.RequestMappingHandlerMapping : Mapped to com.example.gestion_curriculums0.controller.AuthController#register(AuthRequest)
2024-08-17T11:59:39.642+02:00 DEBUG 16876 --- [http-nio-8080-exec-3] m.m.a.RequestResponseBodyMethodProcessor : Read "application/json;charset=UTF-8" to [com.example.gestion_curriculums0.service.AuthRequest@77858b2]
2024-08-17T11:59:39.830+02:00 DEBUG 16876 --- [http-nio-8080-exec-3] o.s.w.s.m.m.a.HttpEntityMethodProcessor  : Using 'application/json', given [*/*] and supported [application/json, application/*+json]
2024-08-17T11:59:39.846+02:00 DEBUG 16876 --- [http-nio-8080-exec-3] o.s.w.s.m.m.a.HttpEntityMethodProcessor  : Writing [{message=Registro exitoso}]
2024-08-17T11:59:39.846+02:00 DEBUG 16876 --- [http-nio-8080-exec-3] o.s.web.servlet.DispatcherServlet        : Completed 200 OK
2024-08-17T11:59:47.014+02:00 DEBUG 16876 --- [http-nio-8080-exec-6] o.s.security.web.FilterChainProxy        : Securing OPTIONS /auth/login
2024-08-17T11:59:47.014+02:00 DEBUG 16876 --- [http-nio-8080-exec-7] o.s.security.web.FilterChainProxy        : Securing POST /auth/login
2024-08-17T11:59:47.028+02:00 DEBUG 16876 --- [http-nio-8080-exec-7] o.s.s.w.a.AnonymousAuthenticationFilter  : Set SecurityContextHolder to anonymous SecurityContext
2024-08-17T11:59:47.029+02:00 DEBUG 16876 --- [http-nio-8080-exec-7] o.s.security.web.FilterChainProxy        : Secured POST /auth/login
2024-08-17T11:59:47.029+02:00 DEBUG 16876 --- [http-nio-8080-exec-7] o.s.web.servlet.DispatcherServlet        : POST "/auth/login", parameters={}
2024-08-17T11:59:47.029+02:00 DEBUG 16876 --- [http-nio-8080-exec-7] s.w.s.m.m.a.RequestMappingHandlerMapping : Mapped to com.example.gestion_curriculums0.controller.AuthController#login(AuthRequest)
2024-08-17T11:59:47.029+02:00 DEBUG 16876 --- [http-nio-8080-exec-7] m.m.a.RequestResponseBodyMethodProcessor : Read "application/json;charset=UTF-8" to [com.example.gestion_curriculums0.service.AuthRequest@4c23426c]
2024-08-17T11:59:47.322+02:00 DEBUG 16876 --- [http-nio-8080-exec-7] o.s.s.a.dao.DaoAuthenticationProvider    : Authenticated user
2024-08-17T11:59:47.344+02:00 DEBUG 16876 --- [http-nio-8080-exec-7] o.s.w.s.m.m.a.HttpEntityMethodProcessor  : Using 'application/json', given [*/*] and supported [application/json, application/*+json]
2024-08-17T11:59:47.344+02:00 DEBUG 16876 --- [http-nio-8080-exec-7] o.s.w.s.m.m.a.HttpEntityMethodProcessor  : Writing [{userId=77, token=eyJhbGciOiJIUzI1NiJ9.eyJzdWIiOiJKRVNVU0RJQVoiLCJpYXQiOjE3MjM4ODg3ODcsImV4cCI6MTcyM (truncated)...]
2024-08-17T11:59:47.344+02:00 DEBUG 16876 --- [http-nio-8080-exec-7] o.s.web.servlet.DispatcherServlet        : Completed 200 OK
2024-08-17T11:59:48.005+02:00 DEBUG 16876 --- [http-nio-8080-exec-10] o.s.security.web.FilterChainProxy        : Securing OPTIONS /curriculums/usuario
2024-08-17T11:59:48.011+02:00 DEBUG 16876 --- [http-nio-8080-exec-1] o.s.security.web.FilterChainProxy        : Securing GET /curriculums/usuario
2024-08-17T11:59:48.077+02:00 DEBUG 16876 --- [http-nio-8080-exec-1] o.s.security.web.FilterChainProxy        : Secured GET /curriculums/usuario
2024-08-17T11:59:48.077+02:00 DEBUG 16876 --- [http-nio-8080-exec-1] o.s.web.servlet.DispatcherServlet        : GET "/curriculums/usuario", parameters={}
2024-08-17T11:59:48.078+02:00 DEBUG 16876 --- [http-nio-8080-exec-1] s.w.s.m.m.a.RequestMappingHandlerMapping : Mapped to com.example.gestion_curriculums0.controller.CurriculumController#getCurriculumsByCurrentUser(Principal)
2024-08-17T11:59:48.113+02:00 DEBUG 16876 --- [http-nio-8080-exec-1] m.m.a.RequestResponseBodyMethodProcessor : Using 'application/json', given [*/*] and supported [application/json, application/*+json]
2024-08-17T11:59:48.114+02:00 DEBUG 16876 --- [http-nio-8080-exec-1] m.m.a.RequestResponseBodyMethodProcessor : Writing [[]]
2024-08-17T11:59:48.117+02:00 DEBUG 16876 --- [http-nio-8080-exec-1] o.s.web.servlet.DispatcherServlet        : Completed 200 OK
2024-08-17T12:00:23.833+02:00 DEBUG 16876 --- [http-nio-8080-exec-5] o.s.security.web.FilterChainProxy        : Securing OPTIONS /curriculums/upload
2024-08-17T12:00:23.833+02:00 DEBUG 16876 --- [http-nio-8080-exec-8] o.s.security.web.FilterChainProxy        : Securing POST /curriculums/upload
2024-08-17T12:00:23.846+02:00 DEBUG 16876 --- [http-nio-8080-exec-8] o.s.security.web.FilterChainProxy        : Secured POST /curriculums/upload
2024-08-17T12:00:23.846+02:00 DEBUG 16876 --- [http-nio-8080-exec-8] o.s.web.servlet.DispatcherServlet        : POST "/curriculums/upload", parameters={multipart}
2024-08-17T12:00:23.929+02:00 DEBUG 16876 --- [http-nio-8080-exec-8] s.w.s.m.m.a.RequestMappingHandlerMapping : Mapped to com.example.gestion_curriculums0.controller.CurriculumController#uploadCurriculum(MultipartFile, Long, String, String, String, String, String)
2024-08-17T12:00:24.489+02:00 DEBUG 16876 --- [http-nio-8080-exec-8] m.m.a.RequestResponseBodyMethodProcessor : Using 'application/json', given [*/*] and supported [application/json, application/*+json]
2024-08-17T12:00:24.489+02:00 DEBUG 16876 --- [http-nio-8080-exec-8] m.m.a.RequestResponseBodyMethodProcessor : Writing [com.example.gestion_curriculums0.model.CurriculumDTO@37ef5919]
2024-08-17T12:00:24.489+02:00 DEBUG 16876 --- [http-nio-8080-exec-8] o.s.web.servlet.DispatcherServlet        : Completed 200 OK
2024-08-17T12:00:27.507+02:00 DEBUG 16876 --- [http-nio-8080-exec-9] o.s.security.web.FilterChainProxy        : Securing GET /curriculums/usuario
2024-08-17T12:00:27.539+02:00 DEBUG 16876 --- [http-nio-8080-exec-9] o.s.security.web.FilterChainProxy        : Secured GET /curriculums/usuario
2024-08-17T12:00:27.541+02:00 DEBUG 16876 --- [http-nio-8080-exec-9] o.s.web.servlet.DispatcherServlet        : GET "/curriculums/usuario", parameters={}
2024-08-17T12:00:27.542+02:00 DEBUG 16876 --- [http-nio-8080-exec-9] s.w.s.m.m.a.RequestMappingHandlerMapping : Mapped to com.example.gestion_curriculums0.controller.CurriculumController#getCurriculumsByCurrentUser(Principal)
2024-08-17T12:00:27.556+02:00 DEBUG 16876 --- [http-nio-8080-exec-9] m.m.a.RequestResponseBodyMethodProcessor : Using 'application/json', given [*/*] and supported [application/json, application/*+json]
2024-08-17T12:00:27.557+02:00 DEBUG 16876 --- [http-nio-8080-exec-9] m.m.a.RequestResponseBodyMethodProcessor : Writing [[com.example.gestion_curriculums0.model.CurriculumDTO@5b02f58a]]
2024-08-17T12:00:27.558+02:00 DEBUG 16876 --- [http-nio-8080-exec-9] o.s.web.servlet.DispatcherServlet        : Completed 200 OK
2024-08-17T12:00:38.103+02:00 DEBUG 16876 --- [http-nio-8080-exec-4] o.s.security.web.FilterChainProxy        : Securing GET /curriculums/usuario
2024-08-17T12:00:38.119+02:00 DEBUG 16876 --- [http-nio-8080-exec-4] o.s.security.web.FilterChainProxy        : Secured GET /curriculums/usuario
2024-08-17T12:00:38.127+02:00 DEBUG 16876 --- [http-nio-8080-exec-4] o.s.web.servlet.DispatcherServlet        : GET "/curriculums/usuario", parameters={}
2024-08-17T12:00:38.128+02:00 DEBUG 16876 --- [http-nio-8080-exec-4] s.w.s.m.m.a.RequestMappingHandlerMapping : Mapped to com.example.gestion_curriculums0.controller.CurriculumController#getCurriculumsByCurrentUser(Principal)
2024-08-17T12:00:38.150+02:00 DEBUG 16876 --- [http-nio-8080-exec-4] m.m.a.RequestResponseBodyMethodProcessor : Using 'application/json', given [*/*] and supported [application/json, application/*+json]
2024-08-17T12:00:38.150+02:00 DEBUG 16876 --- [http-nio-8080-exec-4] m.m.a.RequestResponseBodyMethodProcessor : Writing [[com.example.gestion_curriculums0.model.CurriculumDTO@6ad93976]]
2024-08-17T12:00:38.152+02:00 DEBUG 16876 --- [http-nio-8080-exec-4] o.s.web.servlet.DispatcherServlet        : Completed 200 OK
2024-08-17T12:02:51.459+02:00 DEBUG 16876 --- [http-nio-8080-exec-3] o.s.security.web.FilterChainProxy        : Securing OPTIONS /curriculums/34/notas
2024-08-17T12:02:51.464+02:00 DEBUG 16876 --- [http-nio-8080-exec-6] o.s.security.web.FilterChainProxy        : Securing GET /curriculums/34/notas
2024-08-17T12:02:51.487+02:00 DEBUG 16876 --- [http-nio-8080-exec-6] o.s.security.web.FilterChainProxy        : Secured GET /curriculums/34/notas
2024-08-17T12:02:51.488+02:00 DEBUG 16876 --- [http-nio-8080-exec-6] o.s.web.servlet.DispatcherServlet        : GET "/curriculums/34/notas", parameters={}
2024-08-17T12:02:51.488+02:00 DEBUG 16876 --- [http-nio-8080-exec-6] s.w.s.m.m.a.RequestMappingHandlerMapping : Mapped to com.example.gestion_curriculums0.controller.NotaController#getNotasByCurriculumId(Long)
2024-08-17T12:02:51.514+02:00 DEBUG 16876 --- [http-nio-8080-exec-6] m.m.a.RequestResponseBodyMethodProcessor : Using 'application/json', given [*/*] and supported [application/json, application/*+json]
2024-08-17T12:02:51.514+02:00 DEBUG 16876 --- [http-nio-8080-exec-6] m.m.a.RequestResponseBodyMethodProcessor : Writing [[]]
2024-08-17T12:02:51.520+02:00 DEBUG 16876 --- [http-nio-8080-exec-6] o.s.web.servlet.DispatcherServlet        : Completed 200 OK
2024-08-17T12:02:59.069+02:00 DEBUG 16876 --- [http-nio-8080-exec-7] o.s.security.web.FilterChainProxy        : Securing OPTIONS /curriculums/34/notas
2024-08-17T12:02:59.077+02:00 DEBUG 16876 --- [http-nio-8080-exec-10] o.s.security.web.FilterChainProxy        : Securing POST /curriculums/34/notas
2024-08-17T12:02:59.088+02:00 DEBUG 16876 --- [http-nio-8080-exec-10] o.s.security.web.FilterChainProxy        : Secured POST /curriculums/34/notas
2024-08-17T12:02:59.088+02:00 DEBUG 16876 --- [http-nio-8080-exec-10] o.s.web.servlet.DispatcherServlet        : POST "/curriculums/34/notas", parameters={}
2024-08-17T12:02:59.097+02:00 DEBUG 16876 --- [http-nio-8080-exec-10] s.w.s.m.m.a.RequestMappingHandlerMapping : Mapped to com.example.gestion_curriculums0.controller.NotaController#addNota(Long, NotaDTO)
2024-08-17T12:02:59.114+02:00 DEBUG 16876 --- [http-nio-8080-exec-10] m.m.a.RequestResponseBodyMethodProcessor : Read "application/json;charset=UTF-8" to [com.example.gestion_curriculums0.model.NotaDTO@25e784f3]
2024-08-17T12:02:59.149+02:00 DEBUG 16876 --- [http-nio-8080-exec-10] m.m.a.RequestResponseBodyMethodProcessor : Using 'application/json', given [*/*] and supported [application/json, application/*+json]
2024-08-17T12:02:59.149+02:00 DEBUG 16876 --- [http-nio-8080-exec-10] m.m.a.RequestResponseBodyMethodProcessor : Writing [com.example.gestion_curriculums0.model.NotaDTO@402f2b6]
2024-08-17T12:02:59.149+02:00 DEBUG 16876 --- [http-nio-8080-exec-10] o.s.web.servlet.DispatcherServlet        : Completed 200 OK
2024-08-17T12:02:59.149+02:00 DEBUG 16876 --- [http-nio-8080-exec-1] o.s.security.web.FilterChainProxy        : Securing GET /curriculums/usuario
2024-08-17T12:02:59.167+02:00 DEBUG 16876 --- [http-nio-8080-exec-1] o.s.security.web.FilterChainProxy        : Secured GET /curriculums/usuario
2024-08-17T12:02:59.167+02:00 DEBUG 16876 --- [http-nio-8080-exec-1] o.s.web.servlet.DispatcherServlet        : GET "/curriculums/usuario", parameters={}
2024-08-17T12:02:59.167+02:00 DEBUG 16876 --- [http-nio-8080-exec-1] s.w.s.m.m.a.RequestMappingHandlerMapping : Mapped to com.example.gestion_curriculums0.controller.CurriculumController#getCurriculumsByCurrentUser(Principal)
2024-08-17T12:02:59.183+02:00 DEBUG 16876 --- [http-nio-8080-exec-1] m.m.a.RequestResponseBodyMethodProcessor : Using 'application/json', given [*/*] and supported [application/json, application/*+json]
2024-08-17T12:02:59.183+02:00 DEBUG 16876 --- [http-nio-8080-exec-1] m.m.a.RequestResponseBodyMethodProcessor : Writing [[com.example.gestion_curriculums0.model.CurriculumDTO@601771f1]]
2024-08-17T12:02:59.183+02:00 DEBUG 16876 --- [http-nio-8080-exec-1] o.s.web.servlet.DispatcherServlet        : Completed 200 OK
2024-08-17T12:03:01.323+02:00 DEBUG 16876 --- [http-nio-8080-exec-5] o.s.security.web.FilterChainProxy        : Securing GET /curriculums/34/notas
2024-08-17T12:03:01.335+02:00 DEBUG 16876 --- [http-nio-8080-exec-5] o.s.security.web.FilterChainProxy        : Secured GET /curriculums/34/notas
2024-08-17T12:03:01.335+02:00 DEBUG 16876 --- [http-nio-8080-exec-5] o.s.web.servlet.DispatcherServlet        : GET "/curriculums/34/notas", parameters={}
2024-08-17T12:03:01.335+02:00 DEBUG 16876 --- [http-nio-8080-exec-5] s.w.s.m.m.a.RequestMappingHandlerMapping : Mapped to com.example.gestion_curriculums0.controller.NotaController#getNotasByCurriculumId(Long)
2024-08-17T12:03:01.335+02:00 DEBUG 16876 --- [http-nio-8080-exec-5] m.m.a.RequestResponseBodyMethodProcessor : Using 'application/json', given [*/*] and supported [application/json, application/*+json]
2024-08-17T12:03:01.335+02:00 DEBUG 16876 --- [http-nio-8080-exec-5] m.m.a.RequestResponseBodyMethodProcessor : Writing [[com.example.gestion_curriculums0.model.NotaDTO@435fef68]]
2024-08-17T12:03:01.349+02:00 DEBUG 16876 --- [http-nio-8080-exec-5] o.s.web.servlet.DispatcherServlet        : Completed 200 OK
2024-08-17T12:03:10.083+02:00 DEBUG 16876 --- [http-nio-8080-exec-8] o.s.security.web.FilterChainProxy        : Securing POST /curriculums/34/notas
2024-08-17T12:03:10.100+02:00 DEBUG 16876 --- [http-nio-8080-exec-8] o.s.security.web.FilterChainProxy        : Secured POST /curriculums/34/notas
2024-08-17T12:03:10.100+02:00 DEBUG 16876 --- [http-nio-8080-exec-8] o.s.web.servlet.DispatcherServlet        : POST "/curriculums/34/notas", parameters={}
2024-08-17T12:03:10.100+02:00 DEBUG 16876 --- [http-nio-8080-exec-8] s.w.s.m.m.a.RequestMappingHandlerMapping : Mapped to com.example.gestion_curriculums0.controller.NotaController#addNota(Long, NotaDTO)
2024-08-17T12:03:10.100+02:00 DEBUG 16876 --- [http-nio-8080-exec-8] m.m.a.RequestResponseBodyMethodProcessor : Read "application/json;charset=UTF-8" to [com.example.gestion_curriculums0.model.NotaDTO@77337252]
2024-08-17T12:03:10.133+02:00 DEBUG 16876 --- [http-nio-8080-exec-8] m.m.a.RequestResponseBodyMethodProcessor : Using 'application/json', given [*/*] and supported [application/json, application/*+json]
2024-08-17T12:03:10.133+02:00 DEBUG 16876 --- [http-nio-8080-exec-8] m.m.a.RequestResponseBodyMethodProcessor : Writing [com.example.gestion_curriculums0.model.NotaDTO@77f87885]
2024-08-17T12:03:10.133+02:00 DEBUG 16876 --- [http-nio-8080-exec-8] o.s.web.servlet.DispatcherServlet        : Completed 200 OK
2024-08-17T12:03:10.133+02:00 DEBUG 16876 --- [http-nio-8080-exec-9] o.s.security.web.FilterChainProxy        : Securing GET /curriculums/usuario
2024-08-17T12:03:10.150+02:00 DEBUG 16876 --- [http-nio-8080-exec-9] o.s.security.web.FilterChainProxy        : Secured GET /curriculums/usuario
2024-08-17T12:03:10.150+02:00 DEBUG 16876 --- [http-nio-8080-exec-9] o.s.web.servlet.DispatcherServlet        : GET "/curriculums/usuario", parameters={}
2024-08-17T12:03:10.150+02:00 DEBUG 16876 --- [http-nio-8080-exec-9] s.w.s.m.m.a.RequestMappingHandlerMapping : Mapped to com.example.gestion_curriculums0.controller.CurriculumController#getCurriculumsByCurrentUser(Principal)
2024-08-17T12:03:10.166+02:00 DEBUG 16876 --- [http-nio-8080-exec-9] m.m.a.RequestResponseBodyMethodProcessor : Using 'application/json', given [*/*] and supported [application/json, application/*+json]
2024-08-17T12:03:10.166+02:00 DEBUG 16876 --- [http-nio-8080-exec-9] m.m.a.RequestResponseBodyMethodProcessor : Writing [[com.example.gestion_curriculums0.model.CurriculumDTO@56b561fc]]
2024-08-17T12:03:10.166+02:00 DEBUG 16876 --- [http-nio-8080-exec-9] o.s.web.servlet.DispatcherServlet        : Completed 200 OK
2024-08-17T12:03:12.145+02:00 DEBUG 16876 --- [http-nio-8080-exec-4] o.s.security.web.FilterChainProxy        : Securing GET /curriculums/34/notas
2024-08-17T12:03:12.158+02:00 DEBUG 16876 --- [http-nio-8080-exec-4] o.s.security.web.FilterChainProxy        : Secured GET /curriculums/34/notas
2024-08-17T12:03:12.158+02:00 DEBUG 16876 --- [http-nio-8080-exec-4] o.s.web.servlet.DispatcherServlet        : GET "/curriculums/34/notas", parameters={}
2024-08-17T12:03:12.158+02:00 DEBUG 16876 --- [http-nio-8080-exec-4] s.w.s.m.m.a.RequestMappingHandlerMapping : Mapped to com.example.gestion_curriculums0.controller.NotaController#getNotasByCurriculumId(Long)
2024-08-17T12:03:12.168+02:00 DEBUG 16876 --- [http-nio-8080-exec-4] m.m.a.RequestResponseBodyMethodProcessor : Using 'application/json', given [*/*] and supported [application/json, application/*+json]
2024-08-17T12:03:12.168+02:00 DEBUG 16876 --- [http-nio-8080-exec-4] m.m.a.RequestResponseBodyMethodProcessor : Writing [[com.example.gestion_curriculums0.model.NotaDTO@7fb081f7, com.example.gestion_curriculums0.model.Not (truncated)...]
2024-08-17T12:03:12.168+02:00 DEBUG 16876 --- [http-nio-8080-exec-4] o.s.web.servlet.DispatcherServlet        : Completed 200 OK
2024-08-17T12:03:18.650+02:00 DEBUG 16876 --- [http-nio-8080-exec-2] o.s.security.web.FilterChainProxy        : Securing POST /curriculums/34/notas
2024-08-17T12:03:18.666+02:00 DEBUG 16876 --- [http-nio-8080-exec-2] o.s.security.web.FilterChainProxy        : Secured POST /curriculums/34/notas
2024-08-17T12:03:18.666+02:00 DEBUG 16876 --- [http-nio-8080-exec-2] o.s.web.servlet.DispatcherServlet        : POST "/curriculums/34/notas", parameters={}
2024-08-17T12:03:18.666+02:00 DEBUG 16876 --- [http-nio-8080-exec-2] s.w.s.m.m.a.RequestMappingHandlerMapping : Mapped to com.example.gestion_curriculums0.controller.NotaController#addNota(Long, NotaDTO)
2024-08-17T12:03:18.666+02:00 DEBUG 16876 --- [http-nio-8080-exec-2] m.m.a.RequestResponseBodyMethodProcessor : Read "application/json;charset=UTF-8" to [com.example.gestion_curriculums0.model.NotaDTO@e363b39]
2024-08-17T12:03:18.683+02:00 DEBUG 16876 --- [http-nio-8080-exec-2] m.m.a.RequestResponseBodyMethodProcessor : Using 'application/json', given [*/*] and supported [application/json, application/*+json]
2024-08-17T12:03:18.683+02:00 DEBUG 16876 --- [http-nio-8080-exec-2] m.m.a.RequestResponseBodyMethodProcessor : Writing [com.example.gestion_curriculums0.model.NotaDTO@261debdd]
2024-08-17T12:03:18.683+02:00 DEBUG 16876 --- [http-nio-8080-exec-2] o.s.web.servlet.DispatcherServlet        : Completed 200 OK
2024-08-17T12:03:18.698+02:00 DEBUG 16876 --- [http-nio-8080-exec-3] o.s.security.web.FilterChainProxy        : Securing GET /curriculums/usuario
2024-08-17T12:03:18.701+02:00 DEBUG 16876 --- [http-nio-8080-exec-3] o.s.security.web.FilterChainProxy        : Secured GET /curriculums/usuario
2024-08-17T12:03:18.701+02:00 DEBUG 16876 --- [http-nio-8080-exec-3] o.s.web.servlet.DispatcherServlet        : GET "/curriculums/usuario", parameters={}
2024-08-17T12:03:18.701+02:00 DEBUG 16876 --- [http-nio-8080-exec-3] s.w.s.m.m.a.RequestMappingHandlerMapping : Mapped to com.example.gestion_curriculums0.controller.CurriculumController#getCurriculumsByCurrentUser(Principal)
2024-08-17T12:03:18.726+02:00 DEBUG 16876 --- [http-nio-8080-exec-3] m.m.a.RequestResponseBodyMethodProcessor : Using 'application/json', given [*/*] and supported [application/json, application/*+json]
2024-08-17T12:03:18.726+02:00 DEBUG 16876 --- [http-nio-8080-exec-3] m.m.a.RequestResponseBodyMethodProcessor : Writing [[com.example.gestion_curriculums0.model.CurriculumDTO@5fcea355]]
2024-08-17T12:03:18.727+02:00 DEBUG 16876 --- [http-nio-8080-exec-3] o.s.web.servlet.DispatcherServlet        : Completed 200 OK
2024-08-17T12:03:21.108+02:00 DEBUG 16876 --- [http-nio-8080-exec-6] o.s.security.web.FilterChainProxy        : Securing GET /curriculums/34/notas
2024-08-17T12:03:21.118+02:00 DEBUG 16876 --- [http-nio-8080-exec-6] o.s.security.web.FilterChainProxy        : Secured GET /curriculums/34/notas
2024-08-17T12:03:21.118+02:00 DEBUG 16876 --- [http-nio-8080-exec-6] o.s.web.servlet.DispatcherServlet        : GET "/curriculums/34/notas", parameters={}
2024-08-17T12:03:21.118+02:00 DEBUG 16876 --- [http-nio-8080-exec-6] s.w.s.m.m.a.RequestMappingHandlerMapping : Mapped to com.example.gestion_curriculums0.controller.NotaController#getNotasByCurriculumId(Long)
2024-08-17T12:03:21.118+02:00 DEBUG 16876 --- [http-nio-8080-exec-6] m.m.a.RequestResponseBodyMethodProcessor : Using 'application/json', given [*/*] and supported [application/json, application/*+json]
2024-08-17T12:03:21.118+02:00 DEBUG 16876 --- [http-nio-8080-exec-6] m.m.a.RequestResponseBodyMethodProcessor : Writing [[com.example.gestion_curriculums0.model.NotaDTO@60b823b4, com.example.gestion_curriculums0.model.Not (truncated)...]
2024-08-17T12:03:21.118+02:00 DEBUG 16876 --- [http-nio-8080-exec-6] o.s.web.servlet.DispatcherServlet        : Completed 200 OK
2024-08-17T12:03:38.453+02:00 DEBUG 16876 --- [http-nio-8080-exec-7] o.s.security.web.FilterChainProxy        : Securing POST /curriculums/34/notas
2024-08-17T12:03:38.469+02:00 DEBUG 16876 --- [http-nio-8080-exec-7] o.s.security.web.FilterChainProxy        : Secured POST /curriculums/34/notas
2024-08-17T12:03:38.469+02:00 DEBUG 16876 --- [http-nio-8080-exec-7] o.s.web.servlet.DispatcherServlet        : POST "/curriculums/34/notas", parameters={}
2024-08-17T12:03:38.469+02:00 DEBUG 16876 --- [http-nio-8080-exec-7] s.w.s.m.m.a.RequestMappingHandlerMapping : Mapped to com.example.gestion_curriculums0.controller.NotaController#addNota(Long, NotaDTO)
2024-08-17T12:03:38.483+02:00 DEBUG 16876 --- [http-nio-8080-exec-7] m.m.a.RequestResponseBodyMethodProcessor : Read "application/json;charset=UTF-8" to [com.example.gestion_curriculums0.model.NotaDTO@3819d138]
2024-08-17T12:03:38.518+02:00 DEBUG 16876 --- [http-nio-8080-exec-7] m.m.a.RequestResponseBodyMethodProcessor : Using 'application/json', given [*/*] and supported [application/json, application/*+json]
2024-08-17T12:03:38.518+02:00 DEBUG 16876 --- [http-nio-8080-exec-7] m.m.a.RequestResponseBodyMethodProcessor : Writing [com.example.gestion_curriculums0.model.NotaDTO@1bdd611c]
2024-08-17T12:03:38.518+02:00 DEBUG 16876 --- [http-nio-8080-exec-7] o.s.web.servlet.DispatcherServlet        : Completed 200 OK
2024-08-17T12:03:38.518+02:00 DEBUG 16876 --- [http-nio-8080-exec-10] o.s.security.web.FilterChainProxy        : Securing GET /curriculums/usuario
2024-08-17T12:03:38.535+02:00 DEBUG 16876 --- [http-nio-8080-exec-10] o.s.security.web.FilterChainProxy        : Secured GET /curriculums/usuario
2024-08-17T12:03:38.535+02:00 DEBUG 16876 --- [http-nio-8080-exec-10] o.s.web.servlet.DispatcherServlet        : GET "/curriculums/usuario", parameters={}
2024-08-17T12:03:38.535+02:00 DEBUG 16876 --- [http-nio-8080-exec-10] s.w.s.m.m.a.RequestMappingHandlerMapping : Mapped to com.example.gestion_curriculums0.controller.CurriculumController#getCurriculumsByCurrentUser(Principal)
2024-08-17T12:03:38.554+02:00 DEBUG 16876 --- [http-nio-8080-exec-10] m.m.a.RequestResponseBodyMethodProcessor : Using 'application/json', given [*/*] and supported [application/json, application/*+json]
2024-08-17T12:03:38.555+02:00 DEBUG 16876 --- [http-nio-8080-exec-10] m.m.a.RequestResponseBodyMethodProcessor : Writing [[com.example.gestion_curriculums0.model.CurriculumDTO@3338c093]]
2024-08-17T12:03:38.556+02:00 DEBUG 16876 --- [http-nio-8080-exec-10] o.s.web.servlet.DispatcherServlet        : Completed 200 OK
2024-08-17T12:03:39.747+02:00 DEBUG 16876 --- [http-nio-8080-exec-1] o.s.security.web.FilterChainProxy        : Securing GET /curriculums/34/notas
2024-08-17T12:03:39.757+02:00 DEBUG 16876 --- [http-nio-8080-exec-1] o.s.security.web.FilterChainProxy        : Secured GET /curriculums/34/notas
2024-08-17T12:03:39.757+02:00 DEBUG 16876 --- [http-nio-8080-exec-1] o.s.web.servlet.DispatcherServlet        : GET "/curriculums/34/notas", parameters={}
2024-08-17T12:03:39.757+02:00 DEBUG 16876 --- [http-nio-8080-exec-1] s.w.s.m.m.a.RequestMappingHandlerMapping : Mapped to com.example.gestion_curriculums0.controller.NotaController#getNotasByCurriculumId(Long)
2024-08-17T12:03:39.766+02:00 DEBUG 16876 --- [http-nio-8080-exec-1] m.m.a.RequestResponseBodyMethodProcessor : Using 'application/json', given [*/*] and supported [application/json, application/*+json]
2024-08-17T12:03:39.767+02:00 DEBUG 16876 --- [http-nio-8080-exec-1] m.m.a.RequestResponseBodyMethodProcessor : Writing [[com.example.gestion_curriculums0.model.NotaDTO@2773c9d5, com.example.gestion_curriculums0.model.Not (truncated)...]
2024-08-17T12:03:39.768+02:00 DEBUG 16876 --- [http-nio-8080-exec-1] o.s.web.servlet.DispatcherServlet        : Completed 200 OK
2024-08-17T12:03:59.161+02:00 DEBUG 16876 --- [http-nio-8080-exec-5] o.s.security.web.FilterChainProxy        : Securing GET /curriculums/34/notas
2024-08-17T12:03:59.172+02:00 DEBUG 16876 --- [http-nio-8080-exec-5] o.s.security.web.FilterChainProxy        : Secured GET /curriculums/34/notas
2024-08-17T12:03:59.172+02:00 DEBUG 16876 --- [http-nio-8080-exec-5] o.s.web.servlet.DispatcherServlet        : GET "/curriculums/34/notas", parameters={}
2024-08-17T12:03:59.172+02:00 DEBUG 16876 --- [http-nio-8080-exec-5] s.w.s.m.m.a.RequestMappingHandlerMapping : Mapped to com.example.gestion_curriculums0.controller.NotaController#getNotasByCurriculumId(Long)
2024-08-17T12:03:59.187+02:00 DEBUG 16876 --- [http-nio-8080-exec-5] m.m.a.RequestResponseBodyMethodProcessor : Using 'application/json', given [*/*] and supported [application/json, application/*+json]
2024-08-17T12:03:59.187+02:00 DEBUG 16876 --- [http-nio-8080-exec-5] m.m.a.RequestResponseBodyMethodProcessor : Writing [[com.example.gestion_curriculums0.model.NotaDTO@48c6b6c6, com.example.gestion_curriculums0.model.Not (truncated)...]
2024-08-17T12:03:59.187+02:00 DEBUG 16876 --- [http-nio-8080-exec-5] o.s.web.servlet.DispatcherServlet        : Completed 200 OK
2024-08-17T12:04:11.254+02:00 DEBUG 16876 --- [http-nio-8080-exec-8] o.s.security.web.FilterChainProxy        : Securing GET /curriculums/34/notas
2024-08-17T12:04:11.270+02:00 DEBUG 16876 --- [http-nio-8080-exec-8] o.s.security.web.FilterChainProxy        : Secured GET /curriculums/34/notas
2024-08-17T12:04:11.270+02:00 DEBUG 16876 --- [http-nio-8080-exec-8] o.s.web.servlet.DispatcherServlet        : GET "/curriculums/34/notas", parameters={}
2024-08-17T12:04:11.270+02:00 DEBUG 16876 --- [http-nio-8080-exec-8] s.w.s.m.m.a.RequestMappingHandlerMapping : Mapped to com.example.gestion_curriculums0.controller.NotaController#getNotasByCurriculumId(Long)
2024-08-17T12:04:11.270+02:00 DEBUG 16876 --- [http-nio-8080-exec-8] m.m.a.RequestResponseBodyMethodProcessor : Using 'application/json', given [*/*] and supported [application/json, application/*+json]
2024-08-17T12:04:11.270+02:00 DEBUG 16876 --- [http-nio-8080-exec-8] m.m.a.RequestResponseBodyMethodProcessor : Writing [[com.example.gestion_curriculums0.model.NotaDTO@50cfab66, com.example.gestion_curriculums0.model.Not (truncated)...]
2024-08-17T12:04:11.270+02:00 DEBUG 16876 --- [http-nio-8080-exec-8] o.s.web.servlet.DispatcherServlet        : Completed 200 OK
2024-08-17T12:06:18.077+02:00 DEBUG 16876 --- [http-nio-8080-exec-4] o.s.security.web.FilterChainProxy        : Securing OPTIONS /auth/forgot-password
2024-08-17T12:06:18.086+02:00 DEBUG 16876 --- [http-nio-8080-exec-2] o.s.security.web.FilterChainProxy        : Securing POST /auth/forgot-password
2024-08-17T12:06:18.089+02:00 DEBUG 16876 --- [http-nio-8080-exec-2] o.s.s.w.a.AnonymousAuthenticationFilter  : Set SecurityContextHolder to anonymous SecurityContext
2024-08-17T12:06:18.089+02:00 DEBUG 16876 --- [http-nio-8080-exec-2] o.s.security.web.FilterChainProxy        : Secured POST /auth/forgot-password
2024-08-17T12:06:18.089+02:00 DEBUG 16876 --- [http-nio-8080-exec-2] o.s.web.servlet.DispatcherServlet        : POST "/auth/forgot-password", parameters={}
2024-08-17T12:06:18.089+02:00 DEBUG 16876 --- [http-nio-8080-exec-2] s.w.s.m.m.a.RequestMappingHandlerMapping : Mapped to com.example.gestion_curriculums0.controller.AuthController#forgotPassword(Map)
2024-08-17T12:06:18.089+02:00 DEBUG 16876 --- [http-nio-8080-exec-2] m.m.a.RequestResponseBodyMethodProcessor : Read "application/json;charset=UTF-8" to [{email=diazmartinmailv2@gmail.com}]
2024-08-17T12:06:19.231+02:00 DEBUG 16876 --- [http-nio-8080-exec-2] o.s.w.s.m.m.a.HttpEntityMethodProcessor  : Using 'application/json', given [*/*] and supported [application/json, application/*+json]
2024-08-17T12:06:19.231+02:00 DEBUG 16876 --- [http-nio-8080-exec-2] o.s.w.s.m.m.a.HttpEntityMethodProcessor  : Writing [{message=Se ha enviado un enlace de restablecimiento de contraseña a tu email.}]
2024-08-17T12:06:19.231+02:00 DEBUG 16876 --- [http-nio-8080-exec-2] o.s.web.servlet.DispatcherServlet        : Completed 200 OK
2024-08-17T12:06:55.942+02:00 DEBUG 16876 --- [http-nio-8080-exec-3] o.s.security.web.FilterChainProxy        : Securing POST /auth/reset-password
2024-08-17T12:06:55.942+02:00 DEBUG 16876 --- [http-nio-8080-exec-3] o.s.s.w.a.AnonymousAuthenticationFilter  : Set SecurityContextHolder to anonymous SecurityContext
2024-08-17T12:06:55.942+02:00 DEBUG 16876 --- [http-nio-8080-exec-3] o.s.security.web.FilterChainProxy        : Secured POST /auth/reset-password
2024-08-17T12:06:55.942+02:00 DEBUG 16876 --- [http-nio-8080-exec-3] o.s.web.servlet.DispatcherServlet        : POST "/auth/reset-password", parameters={masked}
2024-08-17T12:06:55.946+02:00 DEBUG 16876 --- [http-nio-8080-exec-3] s.w.s.m.m.a.RequestMappingHandlerMapping : Mapped to com.example.gestion_curriculums0.controller.AuthController#resetPassword(String, String)
2024-08-17T12:06:56.074+02:00 DEBUG 16876 --- [http-nio-8080-exec-3] o.s.w.s.m.m.a.HttpEntityMethodProcessor  : Using 'application/json', given [*/*] and supported [application/json, application/*+json]
2024-08-17T12:06:56.074+02:00 DEBUG 16876 --- [http-nio-8080-exec-3] o.s.w.s.m.m.a.HttpEntityMethodProcessor  : Writing [{message=Contraseña restablecida correctamente.}]
2024-08-17T12:06:56.074+02:00 DEBUG 16876 --- [http-nio-8080-exec-3] o.s.web.servlet.DispatcherServlet        : Completed 200 OK
2024-08-17T12:07:18.277+02:00 DEBUG 16876 --- [http-nio-8080-exec-6] o.s.security.web.FilterChainProxy        : Securing POST /auth/login
2024-08-17T12:07:18.277+02:00 DEBUG 16876 --- [http-nio-8080-exec-6] o.s.s.w.a.AnonymousAuthenticationFilter  : Set SecurityContextHolder to anonymous SecurityContext
2024-08-17T12:07:18.277+02:00 DEBUG 16876 --- [http-nio-8080-exec-6] o.s.security.web.FilterChainProxy        : Secured POST /auth/login
2024-08-17T12:07:18.277+02:00 DEBUG 16876 --- [http-nio-8080-exec-6] o.s.web.servlet.DispatcherServlet        : POST "/auth/login", parameters={}
2024-08-17T12:07:18.277+02:00 DEBUG 16876 --- [http-nio-8080-exec-6] s.w.s.m.m.a.RequestMappingHandlerMapping : Mapped to com.example.gestion_curriculums0.controller.AuthController#login(AuthRequest)
2024-08-17T12:07:18.277+02:00 DEBUG 16876 --- [http-nio-8080-exec-6] m.m.a.RequestResponseBodyMethodProcessor : Read "application/json;charset=UTF-8" to [com.example.gestion_curriculums0.service.AuthRequest@79399ed]
2024-08-17T12:07:18.389+02:00 DEBUG 16876 --- [http-nio-8080-exec-6] o.s.s.a.dao.DaoAuthenticationProvider    : Authenticated user
2024-08-17T12:07:18.389+02:00 DEBUG 16876 --- [http-nio-8080-exec-6] o.s.w.s.m.m.a.HttpEntityMethodProcessor  : Using 'application/json', given [*/*] and supported [application/json, application/*+json]
2024-08-17T12:07:18.389+02:00 DEBUG 16876 --- [http-nio-8080-exec-6] o.s.w.s.m.m.a.HttpEntityMethodProcessor  : Writing [{userId=77, token=eyJhbGciOiJIUzI1NiJ9.eyJzdWIiOiJKRVNVU0RJQVoiLCJpYXQiOjE3MjM4ODkyMzgsImV4cCI6MTcyM (truncated)...]
2024-08-17T12:07:18.389+02:00 DEBUG 16876 --- [http-nio-8080-exec-6] o.s.web.servlet.DispatcherServlet        : Completed 200 OK
2024-08-17T12:07:19.702+02:00 DEBUG 16876 --- [http-nio-8080-exec-7] o.s.security.web.FilterChainProxy        : Securing GET /curriculums/usuario
2024-08-17T12:07:19.722+02:00 DEBUG 16876 --- [http-nio-8080-exec-7] o.s.security.web.FilterChainProxy        : Secured GET /curriculums/usuario
2024-08-17T12:07:19.722+02:00 DEBUG 16876 --- [http-nio-8080-exec-7] o.s.web.servlet.DispatcherServlet        : GET "/curriculums/usuario", parameters={}
2024-08-17T12:07:19.724+02:00 DEBUG 16876 --- [http-nio-8080-exec-7] s.w.s.m.m.a.RequestMappingHandlerMapping : Mapped to com.example.gestion_curriculums0.controller.CurriculumController#getCurriculumsByCurrentUser(Principal)
2024-08-17T12:07:19.746+02:00 DEBUG 16876 --- [http-nio-8080-exec-7] m.m.a.RequestResponseBodyMethodProcessor : Using 'application/json', given [*/*] and supported [application/json, application/*+json]
2024-08-17T12:07:19.747+02:00 DEBUG 16876 --- [http-nio-8080-exec-7] m.m.a.RequestResponseBodyMethodProcessor : Writing [[com.example.gestion_curriculums0.model.CurriculumDTO@3e97c3b1]]
2024-08-17T12:07:19.749+02:00 DEBUG 16876 --- [http-nio-8080-exec-7] o.s.web.servlet.DispatcherServlet        : Completed 200 OK
2024-08-17T12:07:26.393+02:00 DEBUG 16876 --- [http-nio-8080-exec-10] o.s.security.web.FilterChainProxy        : Securing POST /auth/login
2024-08-17T12:07:26.406+02:00 DEBUG 16876 --- [http-nio-8080-exec-10] o.s.s.w.a.AnonymousAuthenticationFilter  : Set SecurityContextHolder to anonymous SecurityContext
2024-08-17T12:07:26.407+02:00 DEBUG 16876 --- [http-nio-8080-exec-10] o.s.security.web.FilterChainProxy        : Secured POST /auth/login
2024-08-17T12:07:26.408+02:00 DEBUG 16876 --- [http-nio-8080-exec-10] o.s.web.servlet.DispatcherServlet        : POST "/auth/login", parameters={}
2024-08-17T12:07:26.408+02:00 DEBUG 16876 --- [http-nio-8080-exec-10] s.w.s.m.m.a.RequestMappingHandlerMapping : Mapped to com.example.gestion_curriculums0.controller.AuthController#login(AuthRequest)
2024-08-17T12:07:26.408+02:00 DEBUG 16876 --- [http-nio-8080-exec-10] m.m.a.RequestResponseBodyMethodProcessor : Read "application/json;charset=UTF-8" to [com.example.gestion_curriculums0.service.AuthRequest@d8d97da]
2024-08-17T12:07:26.507+02:00 DEBUG 16876 --- [http-nio-8080-exec-10] o.s.s.a.dao.DaoAuthenticationProvider    : Authenticated user
2024-08-17T12:07:26.523+02:00 DEBUG 16876 --- [http-nio-8080-exec-10] o.s.w.s.m.m.a.HttpEntityMethodProcessor  : Using 'application/json', given [*/*] and supported [application/json, application/*+json]
2024-08-17T12:07:26.524+02:00 DEBUG 16876 --- [http-nio-8080-exec-10] o.s.w.s.m.m.a.HttpEntityMethodProcessor  : Writing [{userId=14, token=eyJhbGciOiJIUzI1NiJ9.eyJzdWIiOiJhZG1pbiIsImlhdCI6MTcyMzg4OTI0NiwiZXhwIjoxNzIzOTI1M (truncated)...]
2024-08-17T12:07:26.526+02:00 DEBUG 16876 --- [http-nio-8080-exec-10] o.s.web.servlet.DispatcherServlet        : Completed 200 OK
2024-08-17T12:07:26.581+02:00 DEBUG 16876 --- [http-nio-8080-exec-1] o.s.security.web.FilterChainProxy        : Securing GET /curriculums/usuario
2024-08-17T12:07:26.600+02:00 DEBUG 16876 --- [http-nio-8080-exec-1] o.s.security.web.FilterChainProxy        : Secured GET /curriculums/usuario
2024-08-17T12:07:26.601+02:00 DEBUG 16876 --- [http-nio-8080-exec-1] o.s.web.servlet.DispatcherServlet        : GET "/curriculums/usuario", parameters={}
2024-08-17T12:07:26.602+02:00 DEBUG 16876 --- [http-nio-8080-exec-1] s.w.s.m.m.a.RequestMappingHandlerMapping : Mapped to com.example.gestion_curriculums0.controller.CurriculumController#getCurriculumsByCurrentUser(Principal)
2024-08-17T12:07:26.625+02:00 DEBUG 16876 --- [http-nio-8080-exec-1] m.m.a.RequestResponseBodyMethodProcessor : Using 'application/json', given [*/*] and supported [application/json, application/*+json]
2024-08-17T12:07:26.626+02:00 DEBUG 16876 --- [http-nio-8080-exec-1] m.m.a.RequestResponseBodyMethodProcessor : Writing [[com.example.gestion_curriculums0.model.CurriculumDTO@1c59f3d9]]
2024-08-17T12:07:26.628+02:00 DEBUG 16876 --- [http-nio-8080-exec-1] o.s.web.servlet.DispatcherServlet        : Completed 200 OK
2024-08-17T12:07:32.108+02:00 DEBUG 16876 --- [http-nio-8080-exec-5] o.s.security.web.FilterChainProxy        : Securing OPTIONS /curriculums/pdf/30
2024-08-17T12:07:32.108+02:00 DEBUG 16876 --- [http-nio-8080-exec-8] o.s.security.web.FilterChainProxy        : Securing GET /curriculums/pdf/30
2024-08-17T12:07:32.132+02:00 DEBUG 16876 --- [http-nio-8080-exec-8] o.s.security.web.FilterChainProxy        : Secured GET /curriculums/pdf/30
2024-08-17T12:07:32.132+02:00 DEBUG 16876 --- [http-nio-8080-exec-8] o.s.web.servlet.DispatcherServlet        : GET "/curriculums/pdf/30", parameters={}
2024-08-17T12:07:32.133+02:00 DEBUG 16876 --- [http-nio-8080-exec-8] s.w.s.m.m.a.RequestMappingHandlerMapping : Mapped to com.example.gestion_curriculums0.controller.CurriculumController#descargarPdf(Long)
2024-08-17T12:07:32.142+02:00 DEBUG 16876 --- [http-nio-8080-exec-8] o.s.w.s.m.m.a.HttpEntityMethodProcessor  : Found 'Content-Type:application/pdf' in response
2024-08-17T12:07:32.143+02:00 DEBUG 16876 --- [http-nio-8080-exec-8] o.s.w.s.m.m.a.HttpEntityMethodProcessor  : Writing [file [C:\Users\Jesus\AppData\Local\Temp\CVT Jesús Díaz.pdf]]
2024-08-17T12:07:32.156+02:00 DEBUG 16876 --- [http-nio-8080-exec-8] o.s.web.servlet.DispatcherServlet        : Completed 200 OK
2024-08-17T12:21:28.080+02:00 DEBUG 16876 --- [http-nio-8080-exec-4] o.s.security.web.FilterChainProxy        : Securing OPTIONS /auth/login
2024-08-17T12:21:28.080+02:00 DEBUG 16876 --- [http-nio-8080-exec-2] o.s.security.web.FilterChainProxy        : Securing POST /auth/login
2024-08-17T12:21:28.080+02:00 DEBUG 16876 --- [http-nio-8080-exec-2] o.s.s.w.a.AnonymousAuthenticationFilter  : Set SecurityContextHolder to anonymous SecurityContext
2024-08-17T12:21:28.080+02:00 DEBUG 16876 --- [http-nio-8080-exec-2] o.s.security.web.FilterChainProxy        : Secured POST /auth/login
2024-08-17T12:21:28.080+02:00 DEBUG 16876 --- [http-nio-8080-exec-2] o.s.web.servlet.DispatcherServlet        : POST "/auth/login", parameters={}
2024-08-17T12:21:28.080+02:00 DEBUG 16876 --- [http-nio-8080-exec-2] s.w.s.m.m.a.RequestMappingHandlerMapping : Mapped to com.example.gestion_curriculums0.controller.AuthController#login(AuthRequest)
2024-08-17T12:21:28.091+02:00 DEBUG 16876 --- [http-nio-8080-exec-2] m.m.a.RequestResponseBodyMethodProcessor : Read "application/json;charset=UTF-8" to [com.example.gestion_curriculums0.service.AuthRequest@7310dcd3]
2024-08-17T12:21:28.192+02:00 DEBUG 16876 --- [http-nio-8080-exec-2] o.s.s.a.dao.DaoAuthenticationProvider    : Authenticated user
2024-08-17T12:21:28.192+02:00 DEBUG 16876 --- [http-nio-8080-exec-2] o.s.w.s.m.m.a.HttpEntityMethodProcessor  : Using 'application/json', given [*/*] and supported [application/json, application/*+json]
2024-08-17T12:21:28.192+02:00 DEBUG 16876 --- [http-nio-8080-exec-2] o.s.w.s.m.m.a.HttpEntityMethodProcessor  : Writing [{userId=14, token=eyJhbGciOiJIUzI1NiJ9.eyJzdWIiOiJhZG1pbiIsImlhdCI6MTcyMzg5MDA4OCwiZXhwIjoxNzIzOTI2M (truncated)...]
2024-08-17T12:21:28.192+02:00 DEBUG 16876 --- [http-nio-8080-exec-2] o.s.web.servlet.DispatcherServlet        : Completed 200 OK
2024-08-17T12:21:30.071+02:00 DEBUG 16876 --- [http-nio-8080-exec-3] o.s.security.web.FilterChainProxy        : Securing OPTIONS /curriculums/usuario
2024-08-17T12:21:30.080+02:00 DEBUG 16876 --- [http-nio-8080-exec-6] o.s.security.web.FilterChainProxy        : Securing GET /curriculums/usuario
2024-08-17T12:21:30.097+02:00 DEBUG 16876 --- [http-nio-8080-exec-6] o.s.security.web.FilterChainProxy        : Secured GET /curriculums/usuario
2024-08-17T12:21:30.098+02:00 DEBUG 16876 --- [http-nio-8080-exec-6] o.s.web.servlet.DispatcherServlet        : GET "/curriculums/usuario", parameters={}
2024-08-17T12:21:30.098+02:00 DEBUG 16876 --- [http-nio-8080-exec-6] s.w.s.m.m.a.RequestMappingHandlerMapping : Mapped to com.example.gestion_curriculums0.controller.CurriculumController#getCurriculumsByCurrentUser(Principal)
2024-08-17T12:21:30.120+02:00 DEBUG 16876 --- [http-nio-8080-exec-6] m.m.a.RequestResponseBodyMethodProcessor : Using 'application/json', given [*/*] and supported [application/json, application/*+json]
2024-08-17T12:21:30.120+02:00 DEBUG 16876 --- [http-nio-8080-exec-6] m.m.a.RequestResponseBodyMethodProcessor : Writing [[com.example.gestion_curriculums0.model.CurriculumDTO@3e7ed571]]
2024-08-17T12:21:30.121+02:00 DEBUG 16876 --- [http-nio-8080-exec-6] o.s.web.servlet.DispatcherServlet        : Completed 200 OK
2024-08-17T12:21:33.250+02:00 DEBUG 16876 --- [http-nio-8080-exec-7] o.s.security.web.FilterChainProxy        : Securing OPTIONS /curriculums/30/notas
2024-08-17T12:21:33.260+02:00 DEBUG 16876 --- [http-nio-8080-exec-10] o.s.security.web.FilterChainProxy        : Securing GET /curriculums/30/notas
2024-08-17T12:21:33.277+02:00 DEBUG 16876 --- [http-nio-8080-exec-10] o.s.security.web.FilterChainProxy        : Secured GET /curriculums/30/notas
2024-08-17T12:21:33.277+02:00 DEBUG 16876 --- [http-nio-8080-exec-10] o.s.web.servlet.DispatcherServlet        : GET "/curriculums/30/notas", parameters={}
2024-08-17T12:21:33.277+02:00 DEBUG 16876 --- [http-nio-8080-exec-10] s.w.s.m.m.a.RequestMappingHandlerMapping : Mapped to com.example.gestion_curriculums0.controller.NotaController#getNotasByCurriculumId(Long)
2024-08-17T12:21:33.291+02:00 DEBUG 16876 --- [http-nio-8080-exec-10] m.m.a.RequestResponseBodyMethodProcessor : Using 'application/json', given [*/*] and supported [application/json, application/*+json]
2024-08-17T12:21:33.291+02:00 DEBUG 16876 --- [http-nio-8080-exec-10] m.m.a.RequestResponseBodyMethodProcessor : Writing [[com.example.gestion_curriculums0.model.NotaDTO@65ed8208, com.example.gestion_curriculums0.model.Not (truncated)...]
2024-08-17T12:21:33.294+02:00 DEBUG 16876 --- [http-nio-8080-exec-10] o.s.web.servlet.DispatcherServlet        : Completed 200 OK
2024-08-17T12:21:45.799+02:00 DEBUG 16876 --- [http-nio-8080-exec-1] o.s.security.web.FilterChainProxy        : Securing GET /curriculums/30/notas
2024-08-17T12:21:45.815+02:00 DEBUG 16876 --- [http-nio-8080-exec-1] o.s.security.web.FilterChainProxy        : Secured GET /curriculums/30/notas
2024-08-17T12:21:45.815+02:00 DEBUG 16876 --- [http-nio-8080-exec-1] o.s.web.servlet.DispatcherServlet        : GET "/curriculums/30/notas", parameters={}
2024-08-17T12:21:45.815+02:00 DEBUG 16876 --- [http-nio-8080-exec-1] s.w.s.m.m.a.RequestMappingHandlerMapping : Mapped to com.example.gestion_curriculums0.controller.NotaController#getNotasByCurriculumId(Long)
2024-08-17T12:21:45.827+02:00 DEBUG 16876 --- [http-nio-8080-exec-1] m.m.a.RequestResponseBodyMethodProcessor : Using 'application/json', given [*/*] and supported [application/json, application/*+json]
2024-08-17T12:21:45.827+02:00 DEBUG 16876 --- [http-nio-8080-exec-1] m.m.a.RequestResponseBodyMethodProcessor : Writing [[com.example.gestion_curriculums0.model.NotaDTO@6381cab4, com.example.gestion_curriculums0.model.Not (truncated)...]
2024-08-17T12:21:45.827+02:00 DEBUG 16876 --- [http-nio-8080-exec-1] o.s.web.servlet.DispatcherServlet        : Completed 200 OK
2024-08-17T12:21:57.420+02:00 DEBUG 16876 --- [http-nio-8080-exec-5] o.s.security.web.FilterChainProxy        : Securing GET /curriculums/30/notas
2024-08-17T12:21:57.438+02:00 DEBUG 16876 --- [http-nio-8080-exec-5] o.s.security.web.FilterChainProxy        : Secured GET /curriculums/30/notas
2024-08-17T12:21:57.439+02:00 DEBUG 16876 --- [http-nio-8080-exec-5] o.s.web.servlet.DispatcherServlet        : GET "/curriculums/30/notas", parameters={}
2024-08-17T12:21:57.439+02:00 DEBUG 16876 --- [http-nio-8080-exec-5] s.w.s.m.m.a.RequestMappingHandlerMapping : Mapped to com.example.gestion_curriculums0.controller.NotaController#getNotasByCurriculumId(Long)
2024-08-17T12:21:57.446+02:00 DEBUG 16876 --- [http-nio-8080-exec-5] m.m.a.RequestResponseBodyMethodProcessor : Using 'application/json', given [*/*] and supported [application/json, application/*+json]
2024-08-17T12:21:57.446+02:00 DEBUG 16876 --- [http-nio-8080-exec-5] m.m.a.RequestResponseBodyMethodProcessor : Writing [[com.example.gestion_curriculums0.model.NotaDTO@424c01ec, com.example.gestion_curriculums0.model.Not (truncated)...]
2024-08-17T12:21:57.446+02:00 DEBUG 16876 --- [http-nio-8080-exec-5] o.s.web.servlet.DispatcherServlet        : Completed 200 OK
2024-08-17T13:47:52.386+02:00  INFO 16876 --- [SpringApplicationShutdownHook] j.LocalContainerEntityManagerFactoryBean : Closing JPA EntityManagerFactory for persistence unit 'default'
2024-08-17T13:47:52.386+02:00  INFO 16876 --- [SpringApplicationShutdownHook] com.zaxxer.hikari.HikariDataSource       : HikariPool-1 - Shutdown initiated...
2024-08-17T13:47:52.402+02:00  INFO 16876 --- [SpringApplicationShutdownHook] com.zaxxer.hikari.HikariDataSource       : HikariPool-1 - Shutdown completed.
2024-08-17T14:25:53.370+02:00  INFO 6536 --- [main] c.e.g.GestionCurriculums0Application     : Starting GestionCurriculums0Application using Java 22.0.2 with PID 6536 (C:\Users\Jesus\IdeaProjects\gestion_curriculums0\target\classes started by Jesus in C:\Users\Jesus\IdeaProjects\gestion_curriculums0)
2024-08-17T14:25:53.376+02:00 DEBUG 6536 --- [main] c.e.g.GestionCurriculums0Application     : Running with Spring Boot v3.3.1, Spring v6.1.10
2024-08-17T14:25:53.377+02:00  INFO 6536 --- [main] c.e.g.GestionCurriculums0Application     : The following 1 profile is active: "dev"
2024-08-17T14:25:54.440+02:00  INFO 6536 --- [main] .s.d.r.c.RepositoryConfigurationDelegate : Bootstrapping Spring Data JPA repositories in DEFAULT mode.
2024-08-17T14:25:54.551+02:00  INFO 6536 --- [main] .s.d.r.c.RepositoryConfigurationDelegate : Finished Spring Data repository scanning in 91 ms. Found 3 JPA repository interfaces.
2024-08-17T14:25:56.113+02:00  INFO 6536 --- [main] o.s.b.w.embedded.tomcat.TomcatWebServer  : Tomcat initialized with port 8080 (http)
2024-08-17T14:25:56.145+02:00  INFO 6536 --- [main] o.apache.catalina.core.StandardService   : Starting service [Tomcat]
2024-08-17T14:25:56.146+02:00  INFO 6536 --- [main] o.apache.catalina.core.StandardEngine    : Starting Servlet engine: [Apache Tomcat/10.1.25]
2024-08-17T14:25:56.283+02:00  INFO 6536 --- [main] o.a.c.c.C.[Tomcat].[localhost].[/]       : Initializing Spring embedded WebApplicationContext
2024-08-17T14:25:56.284+02:00  INFO 6536 --- [main] w.s.c.ServletWebServerApplicationContext : Root WebApplicationContext: initialization completed in 2802 ms
2024-08-17T14:25:56.589+02:00  INFO 6536 --- [main] o.hibernate.jpa.internal.util.LogHelper  : HHH000204: Processing PersistenceUnitInfo [name: default]
2024-08-17T14:25:56.698+02:00  INFO 6536 --- [main] org.hibernate.Version                    : HHH000412: Hibernate ORM core version 6.5.2.Final
2024-08-17T14:25:56.761+02:00  INFO 6536 --- [main] o.h.c.internal.RegionFactoryInitiator    : HHH000026: Second-level cache disabled
2024-08-17T14:25:57.368+02:00  INFO 6536 --- [main] o.s.o.j.p.SpringPersistenceUnitInfo      : No LoadTimeWeaver setup: ignoring JPA class transformer
2024-08-17T14:25:57.401+02:00  INFO 6536 --- [main] com.zaxxer.hikari.HikariDataSource       : HikariPool-1 - Starting...
2024-08-17T14:25:57.926+02:00  INFO 6536 --- [main] com.zaxxer.hikari.pool.HikariPool        : HikariPool-1 - Added connection com.mysql.cj.jdbc.ConnectionImpl@f1d1463
2024-08-17T14:25:57.930+02:00  INFO 6536 --- [main] com.zaxxer.hikari.HikariDataSource       : HikariPool-1 - Start completed.
2024-08-17T14:25:58.013+02:00  WARN 6536 --- [main] org.hibernate.orm.deprecation            : HHH90000025: MySQLDialect does not need to be specified explicitly using 'hibernate.dialect' (remove the property setting and it will be selected by default)
2024-08-17T14:25:59.544+02:00  INFO 6536 --- [main] o.h.e.t.j.p.i.JtaPlatformInitiator       : HHH000489: No JTA platform available (set 'hibernate.transaction.jta.platform' to enable JTA platform integration)
2024-08-17T14:25:59.696+02:00  INFO 6536 --- [main] j.LocalContainerEntityManagerFactoryBean : Initialized JPA EntityManagerFactory for persistence unit 'default'
2024-08-17T14:26:00.306+02:00 DEBUG 6536 --- [main] c.e.g.security.JwtAuthenticationFilter   : Filter 'jwtAuthenticationFilter' configured for use
2024-08-17T14:26:00.407+02:00  INFO 6536 --- [main] r$InitializeUserDetailsManagerConfigurer : Global AuthenticationManager configured with UserDetailsService bean with name customUserDetailsService
2024-08-17T14:26:01.060+02:00 DEBUG 6536 --- [main] s.w.s.m.m.a.RequestMappingHandlerMapping : 31 mappings in 'requestMappingHandlerMapping'
2024-08-17T14:26:02.123+02:00 DEBUG 6536 --- [main] o.s.w.s.handler.SimpleUrlHandlerMapping  : Patterns [/webjars/**, /frontend/**] in 'resourceHandlerMapping'
2024-08-17T14:26:02.210+02:00 DEBUG 6536 --- [main] o.s.s.web.DefaultSecurityFilterChain     : Will secure any request with filters: DisableEncodeUrlFilter, WebAsyncManagerIntegrationFilter, SecurityContextHolderFilter, HeaderWriterFilter, CorsFilter, LogoutFilter, JwtAuthenticationFilter, RequestCacheAwareFilter, SecurityContextHolderAwareRequestFilter, AnonymousAuthenticationFilter, SessionManagementFilter, ExceptionTranslationFilter, AuthorizationFilter
2024-08-17T14:26:02.482+02:00 DEBUG 6536 --- [main] s.w.s.m.m.a.RequestMappingHandlerAdapter : ControllerAdvice beans: 0 @ModelAttribute, 0 @InitBinder, 1 RequestBodyAdvice, 1 ResponseBodyAdvice
2024-08-17T14:26:02.559+02:00 DEBUG 6536 --- [main] .m.m.a.ExceptionHandlerExceptionResolver : ControllerAdvice beans: 1 @ExceptionHandler, 1 ResponseBodyAdvice
2024-08-17T14:26:02.785+02:00  INFO 6536 --- [main] o.s.b.w.embedded.tomcat.TomcatWebServer  : Tomcat started on port 8080 (http) with context path '/'
2024-08-17T14:26:02.800+02:00  INFO 6536 --- [main] c.e.g.GestionCurriculums0Application     : Started GestionCurriculums0Application in 10.699 seconds (process running for 11.686)
2024-08-17T17:38:00.658+02:00  INFO 6536 --- [SpringApplicationShutdownHook] j.LocalContainerEntityManagerFactoryBean : Closing JPA EntityManagerFactory for persistence unit 'default'
2024-08-17T17:38:00.663+02:00  INFO 6536 --- [SpringApplicationShutdownHook] com.zaxxer.hikari.HikariDataSource       : HikariPool-1 - Shutdown initiated...
2024-08-17T17:38:00.673+02:00  INFO 6536 --- [SpringApplicationShutdownHook] com.zaxxer.hikari.HikariDataSource       : HikariPool-1 - Shutdown completed.
